# golden for clean_all_sections.cfg — DO NOT HAND-EDIT; regenerate with:
#   go test ./internal/features/cisco_ios_jinja2/ -run '^TestGolden/clean_all_sections$' -update

## diagnostics
<none>

## hover @ 4:0  hostname keyword -> docstring
kind=markdown
To specify or modify the hostname for the network server, use the hostname command in global configuration mode.

**Usage Guidelines**

The hostname is used in prompts and default configuration filenames. Do not expect case to be preserved. Uppercase and lowercase characters look the same to many internet software applications. It may seem appropriate to capitalize a name the same way you might do in English, but conventions dictate that computer names appear all lowercase. For more information, refer to RFC 1178, Choosing a Name for Your Computer . The name must also follow the rules for ARPANET hostnames. They must start with a letter, end with a letter or digit, and have as interior characters only letters, digits, and hyphens. Names must be 63 characters or fewer. Creating an all numer
… [truncated, 2430 bytes total]

## hover @ 46:0  interface keyword -> docstring
kind=markdown
To configure an interface type and to enter interface configuration mode, use the interface command in the appropriate configuration mode.

**Usage Guidelines**

This command does not have a no form except for Cisco ASR 901 Series Aggregation Services Routers. The table below displays the keywords that represent the types of interfaces that can be configured with the interface command. Replace the type argument with the appropriate keyword from the table. Table 3. Interface Type Keywords Keyword Interface Type analysis-module Analysis module interface. The analysis module interface is a Fast Ethernet interface on the router that connects to the internal interface on the Network Analysis Module (NAM). This interface cannot be configured for subinterfaces or for speed, duplex mode, and simil
… [truncated, 15228 bytes total]

## hover @ 13:0  'router' token -> nil (exercises the no-hover path)
kind=markdown
To configure the Border Gateway Protocol (BGP) routing process, use the router bgp command in global configuration mode. To remove a BGP routing process, use the no form of this command.

**Usage Guidelines**

This command allows you to set up a distributed routing core that automatically guarantees the loop-free exchange of routing information between autonomous systems. Prior to January 2009, BGP autonomous system numbers that were allocated to companies were 2-octet numbers in the range from 1 to 65535 as described in RFC 4271, A Border Gateway Protocol 4 (BGP-4) . Due to increased demand for autonomous system numbers, the Internet Assigned Number Authority (IANA) will start in January 2009 to allocate four-octet autonomous system numbers in the range from 65536 to 4294967295. RFC 5396,
… [truncated, 11306 bytes total]

## completion @ 47:1  config-if scope (inside the interface body)
2620 items  sha256:e3b3c1ec25d1c4da

## completion @ 39:0  config-vlan scope
14 items  sha256:ff167a1b8de023c3

## completion @ 54:0  global config scope (top-level line)
3754 items  sha256:8973bea66f480e2e

## documentSymbol  full outline across all symbol kinds (cursor is irrelevant; 0:0 is the format's placeholder)
kind=11/Interface GigabitEthernet detail="interface" 7:0-10:1 sel=7:10-25
kind=5/Class 100 detail="router" 13:0-18:1 sel=13:11-14
kind=5/Class 1 detail="router" 20:0-21:1 sel=20:12-13
kind=3/Namespace ACL-EXT detail="acl" 25:0-27:1 sel=25:24-31
kind=5/Class RM-OUT detail="route-map" 30:0-32:1 sel=30:10-16
kind=5/Class VOICE detail="class-map" 33:0-34:1 sel=33:20-25
kind=5/Class QOS detail="policy-map" 35:0-38:1 sel=35:11-14
kind=16/Number 99 detail="vlan" 39:0-40:1 sel=39:5-7
kind=3/Namespace redundancy detail="redundancy" 41:0-42:1 sel=41:0-10
kind=13/Variable vty-0-4 detail="line" 43:0-45:1 sel=43:0-12
kind=11/Interface GigabitEthernet0/0 detail="interface" 46:0-53:1 sel=46:10-28
kind=13/Variable r1 detail="hostname" 4:0-11 sel=4:9-11
kind=3/Namespace ACL-STD detail="acl" 22:0-31 sel=22:24-31
kind=3/Namespace 10 detail="acl" 28:0-40 sel=28:12-14
